Flow report for DE1_SoC_ADC
Fri Jan 27 01:41:17 2023
Quartus Prime Version 18.1.0 Build 625 09/12/2018 SJ Lite Edition


---------------------
; Table of Contents ;
---------------------
  1. Legal Notice
  2. Flow Summary
  3. Flow Settings
  4. Flow Non-Default Global Settings
  5. Flow Elapsed Time
  6. Flow OS Summary
  7. Flow Log
  8. Flow Messages
  9. Flow Suppressed Messages



----------------
; Legal Notice ;
----------------
Copyright (C) 2018  Intel Corporation. All rights reserved.
Your use of Intel Corporation's design tools, logic functions 
and other software and tools, and its AMPP partner logic 
functions, and any output files from any of the foregoing 
(including device programming or simulation files), and any 
associated documentation or information are expressly subject 
to the terms and conditions of the Intel Program License 
Subscription Agreement, the Intel Quartus Prime License Agreement,
the Intel FPGA IP License Agreement, or other applicable license
agreement, including, without limitation, that your use is for
the sole purpose of programming logic devices manufactured by
Intel and sold by Intel or its authorized distributors.  Please
refer to the applicable agreement for further details.



+-------------------------------------------------------------------------------+
; Flow Summary                                                                  ;
+---------------------------------+---------------------------------------------+
; Flow Status                     ; Successful - Fri Jan 27 01:41:01 2023       ;
; Quartus Prime Version           ; 18.1.0 Build 625 09/12/2018 SJ Lite Edition ;
; Revision Name                   ; DE1_SoC_ADC                                 ;
; Top-level Entity Name           ; DE1_SoC_Basic_Nios2_SOC_telemetre_us        ;
; Family                          ; Cyclone V                                   ;
; Device                          ; 5CSEMA5F31C6                                ;
; Timing Models                   ; Final                                       ;
; Logic utilization (in ALMs)     ; 2,209 / 32,070 ( 7 % )                      ;
; Total registers                 ; 3544                                        ;
; Total pins                      ; 107 / 457 ( 23 % )                          ;
; Total virtual pins              ; 0                                           ;
; Total block memory bits         ; 1,368,512 / 4,065,280 ( 34 % )              ;
; Total DSP Blocks                ; 5 / 87 ( 6 % )                              ;
; Total HSSI RX PCSs              ; 0                                           ;
; Total HSSI PMA RX Deserializers ; 0                                           ;
; Total HSSI TX PCSs              ; 0                                           ;
; Total HSSI PMA TX Serializers   ; 0                                           ;
; Total PLLs                      ; 1 / 6 ( 17 % )                              ;
; Total DLLs                      ; 0 / 4 ( 0 % )                               ;
+---------------------------------+---------------------------------------------+


+-----------------------------------------+
; Flow Settings                           ;
+-------------------+---------------------+
; Option            ; Setting             ;
+-------------------+---------------------+
; Start date & time ; 01/27/2023 01:35:53 ;
; Main task         ; Compilation         ;
; Revision Name     ; DE1_SoC_ADC         ;
+-------------------+---------------------+


+--------------------------------------------------------------------------------------------------------------------------------------------------------------------------+
; Flow Non-Default Global Settings                                                                                                                                         ;
+-------------------------------------+----------------------------------------------------------------+---------------+--------------------------------------+------------+
; Assignment Name                     ; Value                                                          ; Default Value ; Entity Name                          ; Section Id ;
+-------------------------------------+----------------------------------------------------------------+---------------+--------------------------------------+------------+
; COMPILER_SIGNATURE_ID               ; 929348038273.167477975323416                                   ; --            ; --                                   ; --         ;
; MAX_CORE_JUNCTION_TEMP              ; 85                                                             ; --            ; --                                   ; --         ;
; MIN_CORE_JUNCTION_TEMP              ; 0                                                              ; --            ; --                                   ; --         ;
; MISC_FILE                           ; DE1_SoC_QSYS/synthesis/../DE1_SoC_QSYS.cmp                     ; --            ; --                                   ; --         ;
; MISC_FILE                           ; DE1_SoC_QSYS/synthesis/../../DE1_SoC_QSYS.qsys                 ; --            ; --                                   ; --         ;
; NUM_PARALLEL_PROCESSORS             ; All                                                            ; --            ; --                                   ; --         ;
; PARTITION_COLOR                     ; -- (Not supported for targeted family)                         ; --            ; DE1_SoC_Basic_Nios2_SOC_telemetre_us ; Top        ;
; PARTITION_FITTER_PRESERVATION_LEVEL ; -- (Not supported for targeted family)                         ; --            ; DE1_SoC_Basic_Nios2_SOC_telemetre_us ; Top        ;
; PARTITION_NETLIST_TYPE              ; -- (Not supported for targeted family)                         ; --            ; DE1_SoC_Basic_Nios2_SOC_telemetre_us ; Top        ;
; POWER_BOARD_THERMAL_MODEL           ; None (CONSERVATIVE)                                            ; --            ; --                                   ; --         ;
; POWER_PRESET_COOLING_SOLUTION       ; 23 MM HEAT SINK WITH 200 LFPM AIRFLOW                          ; --            ; --                                   ; --         ;
; SLD_FILE                            ; DE1_SoC_QSYS/synthesis/DE1_SoC_QSYS.regmap                     ; --            ; --                                   ; --         ;
; SLD_FILE                            ; DE1_SoC_QSYS/synthesis/DE1_SoC_QSYS.debuginfo                  ; --            ; --                                   ; --         ;
; SLD_INFO                            ; QSYS_NAME DE1_SoC_QSYS HAS_SOPCINFO 1 GENERATION_ID 1674779236 ; --            ; DE1_SoC_QSYS                         ; --         ;
; SMART_RECOMPILE                     ; On                                                             ; Off           ; --                                   ; --         ;
; SOPCINFO_FILE                       ; DE1_SoC_QSYS/synthesis/../../DE1_SoC_QSYS.sopcinfo             ; --            ; --                                   ; --         ;
; SYNTHESIS_ONLY_QIP                  ; On                                                             ; --            ; --                                   ; --         ;
; TOP_LEVEL_ENTITY                    ; DE1_SoC_Basic_Nios2_SOC_telemetre_us                           ; DE1_SoC_ADC   ; --                                   ; --         ;
+-------------------------------------+----------------------------------------------------------------+---------------+--------------------------------------+------------+


+--------------------------------------------------------------------------------------------------------------------------+
; Flow Elapsed Time                                                                                                        ;
+----------------------+--------------+-------------------------+---------------------+------------------------------------+
; Module Name          ; Elapsed Time ; Average Processors Used ; Peak Virtual Memory ; Total CPU Time (on all processors) ;
+----------------------+--------------+-------------------------+---------------------+------------------------------------+
; Analysis & Synthesis ; 00:01:03     ; 1.0                     ; 5131 MB             ; 00:00:42                           ;
; Fitter               ; 00:03:43     ; 1.3                     ; 7946 MB             ; 00:07:25                           ;
; Assembler            ; 00:00:12     ; 1.0                     ; 4917 MB             ; 00:00:08                           ;
; Timing Analyzer      ; 00:00:15     ; 3.5                     ; 5463 MB             ; 00:00:30                           ;
; Total                ; 00:05:13     ; --                      ; --                  ; 00:08:45                           ;
+----------------------+--------------+-------------------------+---------------------+------------------------------------+


+------------------------------------------------------------------------------------+
; Flow OS Summary                                                                    ;
+----------------------+------------------+------------+------------+----------------+
; Module Name          ; Machine Hostname ; OS Name    ; OS Version ; Processor type ;
+----------------------+------------------+------------+------------+----------------+
; Analysis & Synthesis ; DESKTOP-9GSUV50  ; Windows 10 ; 10.0       ; x86_64         ;
; Fitter               ; DESKTOP-9GSUV50  ; Windows 10 ; 10.0       ; x86_64         ;
; Assembler            ; DESKTOP-9GSUV50  ; Windows 10 ; 10.0       ; x86_64         ;
; Timing Analyzer      ; DESKTOP-9GSUV50  ; Windows 10 ; 10.0       ; x86_64         ;
+----------------------+------------------+------------+------------+----------------+


------------
; Flow Log ;
------------
quartus_map --read_settings_files=on --write_settings_files=off DE1_SoC_ADC -c DE1_SoC_ADC
quartus_fit --read_settings_files=off --write_settings_files=off DE1_SoC_ADC -c DE1_SoC_ADC
quartus_asm --read_settings_files=off --write_settings_files=off DE1_SoC_ADC -c DE1_SoC_ADC
quartus_sta DE1_SoC_ADC -c DE1_SoC_ADC



